Matrix square root, n=19.
FN Object: 1 MPI processes
  type: sqrt
    Square root: +2  *sqrt(+0.13*x)
||S*S-A||_F < 100*eps
||S*S-A||_F < 100*eps
||S*S-A||_F < 100*eps
