pep type toar

Quadratic Eigenproblem, N=110 (10x11 grid)
PEP type: toar

 Solution method: toar

 Number of requested eigenvalues: 4
 Stopping condition: maxit=100
 All requested eigenvalues computed up to the required tolerance:
     -1.16404+1.65363i, -1.16404-1.65363i, -0.51784+1.31039i, -0.51784-1.31039i

pep type qarnoldi

Quadratic Eigenproblem, N=110 (10x11 grid)
PEP type: qarnoldi

 Solution method: qarnoldi

 Number of requested eigenvalues: 4
 Stopping condition: maxit=100
 All requested eigenvalues computed up to the required tolerance:
     -1.16404+1.65363i, -1.16404-1.65363i, -0.51784+1.31039i, -0.51784-1.31039i

pep type linear, eps type krylovschur

Quadratic Eigenproblem, N=110 (10x11 grid)
PEP type: linear
EPS type: krylovschur

 Solution method: linear

 Number of requested eigenvalues: 4
 Stopping condition: maxit=100
 All requested eigenvalues computed up to the required tolerance:
     -1.16404+1.65363i, -1.16404-1.65363i, -0.51784+1.31039i, -0.51784-1.31039i

pep type linear, eps type gd

Quadratic Eigenproblem, N=110 (10x11 grid)
PEP type: linear
EPS type: gd

 Solution method: linear

 Number of requested eigenvalues: 4
 Stopping condition: maxit=2000
 All requested eigenvalues computed up to the required tolerance:
     -1.16404+1.65363i, -1.16404-1.65363i, -0.51784+1.31039i, -0.51784-1.31039i

